<!DOCTYPE html>
<html lang="en">
    <!-- typicalPageSurroundBodyPre -->
  <head>
    
<meta charset="utf-8" />
<meta http-equiv="X-UA-Compatible" content="IE=edge" />
<meta name="viewport" content="width=device-width, initial-scale=1.0" />
<script src="/universal-cc/script/typical.js"></script>
<script src="/essential-ds/script/essential.js"></script>
<!-- layout.frontmatter.diagrams is false -->
<!-- layout.frontmatter.extensions is false -->
<link rel="shortcut icon" href="/asset/image/favicon.ico"/>
<title>no contentStrategy.layoutText supplier in twind.ts</title>

    <style id="__twind">button,input,optgroup,select,textarea{font-family:inherit;font-size:100%;margin:0;padding:0;line-height:inherit;color:inherit}sub,sup{font-size:75%;line-height:0;position:relative;vertical-align:baseline}html{line-height:1.5;-webkit-text-size-adjust:100%;font-family:Helvetica,sans-serif}table{text-indent:0;border-color:inherit;border-collapse:collapse}hr{height:0;color:inherit;border-top-width:1px}input::placeholder,textarea::placeholder{opacity:1;color:#9ca3af}::-webkit-file-upload-button{-webkit-appearance:button;font:inherit}button{background-color:transparent;background-image:none}body{font-family:inherit;line-height:inherit}*,::before,::after{box-sizing:border-box;border:0 solid #e5e7eb}h1,h2,h3,h4,h5,h6{font-size:inherit;font-weight:inherit}a{color:inherit;-webkit-text-decoration:inherit;text-decoration:inherit}::-moz-focus-inner{border-style:none;padding:0}[type="search"]{-webkit-appearance:textfield;outline-offset:-2px}pre,code,kbd,samp{font-family:ui-monospace,monospace;font-size:1em}img,svg,video,canvas,audio,iframe,embed,object{display:block;vertical-align:middle}img,video{max-width:100%;height:auto}body,blockquote,dl,dd,h1,h2,h3,h4,h5,h6,hr,figure,p,pre,fieldset,ol,ul{margin:0}button:focus{outline:1px dotted;outline:5px auto -webkit-focus-ring-color}fieldset,ol,ul,legend{padding:0}textarea{resize:vertical}button,[role="button"]{cursor:pointer}:-moz-focusring{outline:1px dotted ButtonText}::-webkit-inner-spin-button,::-webkit-outer-spin-button{height:auto}summary{display:list-item}:root{-moz-tab-size:4;tab-size:4}ol,ul{list-style:none}img{border-style:solid}button,select{text-transform:none}:-moz-ui-invalid{box-shadow:none}progress{vertical-align:baseline}abbr[title]{-webkit-text-decoration:underline dotted;text-decoration:underline dotted}b,strong{font-weight:bolder}sub{bottom:-0.25em}sup{top:-0.5em}button,[type="button"],[type="reset"],[type="submit"]{-webkit-appearance:button}::-webkit-search-decoration{-webkit-appearance:none}</style>
    
    
    
  </head>
  <body>
    
    
    <header>HEADER</header>

    <main>
      <div>Test of content transformation with server-side-rendered Tailwind CSS</div>
      
    </main>

    <!-- typicalPageSurroundBodyPost -->
    <footer class="footer font-size-medium slds-no-print" style="position: absolute; bottom: 0; height: 60px; margin-top: 40px; width: 100%; display:none;">
      <div class="slds-container_x-large slds-container_center slds-p-left_small slds-p-right_small">
        <article class="slds-text-align_center slds-p-top_small slds-p-bottom_large">
          <p class="slds-text-body_small">Â© 1997-<script>document.write(new Date().getFullYear())</script> Netspective Media LLC. All Rights Reserved.</p>
          <p class="slds-text-body_small">
            Publication created <span is="time-ago" date="undefined"/>
            
            <!-- no layout.contentStrategy.mGitResolvers -->
          </p>
          <p class="slds-text-body_small">
          <!-- no git remote -->
          <!-- no layout.activeRoute?.terminal?.lastModifiedAt -->
          <!-- workspace editor not resolved -->
          <!-- not in Git work tree -->
          <div id="rf-universal-footer-experimental-server-workspace" style="display:none">Should only be displayed and dynamically populated if running in "experimental server" operational context.</div>
          </p>
        </article>
      </div>
    </footer>
    
  <script src="/universal-cc/script/typical-aft.js"></script>
    
  </body>
</html>