<div class="md"><p>Sample</p>
<h1 id="dynamic-heading" tabindex="-1">Dynamic Heading</h1>
<ul>
<li>dynamic bullet <a href="/tags/1" class="tag">#1</a></li>
<li>dynamic bullet <a href="/tags/2" class="tag">#2</a></li>
</ul>
</div>