<div class="md"><hr>
<p>Source: <a href="https://markdown-it.github.io/">https://markdown-it.github.io/</a></p>
<ul>
<li><strong><a href="https://nodeca.github.io/pica/demo/">pica</a></strong> - high quality and fast image
resize in browser.</li>
<li><strong><a href="https://github.com/nodeca/babelfish/">babelfish</a></strong> - developer friendly
i18n with plurals support and easy syntax.</li>
</ul>
<p>You will like those projects!</p>
<hr>
<h1 id="h1-heading" tabindex="-1">h1 Heading 😎</h1>
<h2 id="h2-heading" tabindex="-1">h2 Heading</h2>
<h3 id="h3-heading" tabindex="-1">h3 Heading</h3>
<h4 id="h4-heading" tabindex="-1">h4 Heading</h4>
<h5 id="h5-heading" tabindex="-1">h5 Heading</h5>
<h6 id="h6-heading" tabindex="-1">h6 Heading</h6>
<h2 id="horizontal-rules" tabindex="-1">Horizontal Rules</h2>
<hr>
<hr>
<hr>
<h2 id="typographic-replacements" tabindex="-1">Typographic replacements</h2>
<p>Enable typographer option to see result.</p>
<p>© © ® ® ™ ™ (p) (P) ±</p>
<p>test… test… test… test?.. test!..</p>
<p>!!! ??? , – —</p>
<p>“Smartypants, double quotes” and ‘single quotes’</p>
<h2 id="emphasis" tabindex="-1">Emphasis</h2>
<p><strong>This is bold text</strong></p>
<p><strong>This is bold text</strong></p>
<p><em>This is italic text</em></p>
<p><em>This is italic text</em></p>
<p><s>Strikethrough</s></p>
<h2 id="blockquotes" tabindex="-1">Blockquotes</h2>
<blockquote>
<p>Blockquotes can also be nested…</p>
<p>…by using additional greater-than signs right next to each other…</p>
<p>…or with spaces between arrows.</p>
</blockquote>
<h2 id="lists" tabindex="-1">Lists</h2>
<p>Unordered</p>
<ul>
<li>Create a list by starting a line with <code>+</code>, <code>-</code>, or <code>*</code></li>
<li>Sub-lists are made by indenting 2 spaces:
<ul>
<li>Marker character change forces new list start:
<ul>
<li>Ac tristique libero volutpat at</li>
</ul>
<ul>
<li>Facilisis in pretium nisl aliquet</li>
</ul>
<ul>
<li>Nulla volutpat aliquam velit</li>
</ul>
</li>
</ul>
</li>
<li>Very easy!</li>
</ul>
<p>Ordered</p>
<ol>
<li>
<p>Lorem ipsum dolor sit amet</p>
</li>
<li>
<p>Consectetur adipiscing elit</p>
</li>
<li>
<p>Integer molestie lorem at massa</p>
</li>
<li>
<p>You can use sequential numbers…</p>
</li>
<li>
<p>…or keep all the numbers as <code>1.</code></p>
</li>
</ol>
<p>Start numbering with offset:</p>
<ol start="57">
<li>foo</li>
<li>bar</li>
</ol>
<h2 id="code" tabindex="-1">Code</h2>
<p>Inline <code>code</code></p>
<p>Indented code</p>
<pre><code>// Some comments
line 1 of code
line 2 of code
line 3 of code
</code></pre>
<p>Block code “fences”</p>
<pre><code>Sample text here...
</code></pre>
<p>Syntax highlighting</p>
<pre><code class="language-js">var foo = function (bar) {
  return bar++;
};

console.log(foo(5));
</code></pre>
<h2 id="tables" tabindex="-1">Tables</h2>
<table>
<thead>
<tr>
<th>Option</th>
<th>Description</th>
</tr>
</thead>
<tbody>
<tr>
<td>data</td>
<td>path to data files to supply the data that will be passed into templates.</td>
</tr>
<tr>
<td>engine</td>
<td>engine to be used for processing templates. Handlebars is the default.</td>
</tr>
<tr>
<td>ext</td>
<td>extension to be used for dest files.</td>
</tr>
</tbody>
</table>
<p>Right aligned columns</p>
<table>
<thead>
<tr>
<th style="text-align:right">Option</th>
<th style="text-align:right">Description</th>
</tr>
</thead>
<tbody>
<tr>
<td style="text-align:right">data</td>
<td style="text-align:right">path to data files to supply the data that will be passed into templates.</td>
</tr>
<tr>
<td style="text-align:right">engine</td>
<td style="text-align:right">engine to be used for processing templates. Handlebars is the default.</td>
</tr>
<tr>
<td style="text-align:right">ext</td>
<td style="text-align:right">extension to be used for dest files.</td>
</tr>
</tbody>
</table>
<h2 id="links" tabindex="-1">Links</h2>
<p><a href="http://dev.nodeca.com">link text</a></p>
<p><a href="http://nodeca.github.io/pica/demo/" title="title text!">link with title</a></p>
<p>Autoconverted link <a href="https://github.com/nodeca/pica">https://github.com/nodeca/pica</a> (enable linkify to see)</p>
<h2 id="images" tabindex="-1">Images</h2>
<p><img src="https://octodex.github.com/images/minion.png" alt="Minion">
<img src="https://octodex.github.com/images/stormtroopocat.jpg" alt="Stormtroopocat" title="The Stormtroopocat"></p>
<p>Like links, Images also have a footnote style syntax</p>
<p><img src="https://octodex.github.com/images/dojocat.jpg" alt="Alt text" title="The Dojocat"></p>
<p>With a reference later in the document defining the URL location:</p>
<h2 id="plugins" tabindex="-1">Plugins</h2>
<p>The killer feature of <code>markdown-it</code> is very effective support of
<a href="https://www.npmjs.org/browse/keyword/markdown-it-plugin">syntax plugins</a>.</p>
<h3 id="emojies" tabindex="-1"><a href="https://github.com/markdown-it/markdown-it-emoji">Emojies</a></h3>
<blockquote>
<p>Shortcuts (emoticons): 😃 😦 😎 😉</p>
</blockquote>
<p>see
<a href="https://github.com/markdown-it/markdown-it-emoji#change-output">how to change output</a>
with twemoji.</p>
<h3 id="subscript-%2F-superscript" tabindex="-1"><a href="https://github.com/markdown-it/markdown-it-sub">Subscript</a> / <a href="https://github.com/markdown-it/markdown-it-sup">Superscript</a></h3>
<ul>
<li>19^th^</li>
<li>H~2~O</li>
</ul>
<h3 id="%3Cins%3E" tabindex="-1"><a href="https://github.com/markdown-it/markdown-it-ins">&lt;ins&gt;</a></h3>
<p>++Inserted text++</p>
<h3 id="%3Cmark%3E" tabindex="-1"><a href="https://github.com/markdown-it/markdown-it-mark">&lt;mark&gt;</a></h3>
<p>==Marked text==</p>
<h3 id="footnotes" tabindex="-1"><a href="https://github.com/markdown-it/markdown-it-footnote">Footnotes</a></h3>
<p>Footnote 1 link<sup class="footnote-ref"><a href="#fn1" id="fnref1">[1]</a></sup>.</p>
<p>Footnote 2 link<sup class="footnote-ref"><a href="#fn2" id="fnref2">[2]</a></sup>.</p>
<p>Inline footnote<sup class="footnote-ref"><a href="#fn3" id="fnref3">[3]</a></sup> definition.</p>
<p>Duplicated footnote reference<sup class="footnote-ref"><a href="#fn2" id="fnref2:1">[2:1]</a></sup>.</p>
<h3 id="definition-lists" tabindex="-1"><a href="https://github.com/markdown-it/markdown-it-deflist">Definition lists</a></h3>
<p>Term 1</p>
<p>: Definition 1 with lazy continuation.</p>
<p>Term 2 with <em>inline markup</em></p>
<p>: Definition 2</p>
<pre><code>    { some code, part of Definition 2 }

Third paragraph of definition 2.
</code></pre>
<p><em>Compact style:</em></p>
<p>Term 1 ~ Definition 1</p>
<p>Term 2 ~ Definition 2a ~ Definition 2b</p>
<h3 id="abbreviations" tabindex="-1"><a href="https://github.com/markdown-it/markdown-it-abbr">Abbreviations</a></h3>
<p>This is HTML abbreviation example.</p>
<p>It converts “HTML”, but keep intact partial entries like “xxxHTMLyyy” and so on.</p>
<p>*[HTML]: Hyper Text Markup Language</p>
<hr class="footnotes-sep">
<section class="footnotes">
<ol class="footnotes-list">
<li id="fn1" class="footnote-item"><p>Footnote <strong>can have markup</strong></p>
<p>and multiple paragraphs. <a href="#fnref1" class="footnote-backref">↩︎</a></p>
</li>
<li id="fn2" class="footnote-item"><p>Footnote text. <a href="#fnref2" class="footnote-backref">↩︎</a> <a href="#fnref2:1" class="footnote-backref">↩︎</a></p>
</li>
<li id="fn3" class="footnote-item"><p>Text of inline footnote <a href="#fnref3" class="footnote-backref">↩︎</a></p>
</li>
</ol>
</section>
</div>